// Jest Snapshot v1, https://goo.gl/fbAQLP

exports[`should render and conform to snapshot  1`] = `
<Container
  className="showing"
  fluid={false}
>
  <p>
     You must be logged in to comment
  </p>
</Container>
`;
